// Vitest Snapshot v1, https://vitest.dev/guide/snapshot.html

exports[`runnable docs examples > cli.mdx example 1 prints what it did 1`] = `
[
  "{
  "QueueUrl": "http://localhost:4566/000000000000/orders"
}
",
]
`;

exports[`runnable docs examples > index.mdx example 1 prints what it did 1`] = `
[
  "meow",
]
`;

exports[`runnable docs examples > lambda.mdx example 1 prints what it did 1`] = `
[
  "hello, world",
]
`;

exports[`runnable docs examples > runner.mdx example 1 prints what it did 1`] = `
[
  "["photos"]",
]
`;

exports[`runnable docs examples > services.mdx example 1 prints what it did 1`] = `
[
  "ObjectCreated:Put photos cat.jpg",
]
`;

exports[`runnable docs examples > services.mdx example 2 prints what it did 1`] = `
[
  "["order 41","order 42"]",
]
`;

exports[`runnable docs examples > services.mdx example 3 prints what it did 1`] = `
[
  "sessions: ["alice"]",
]
`;

exports[`runnable docs examples > services.mdx example 4 prints what it did 1`] = `
[
  "placed order 42",
]
`;

exports[`runnable docs examples > services.mdx example 5 prints what it did 1`] = `
[
  "[{"total":250}]",
]
`;

exports[`runnable docs examples > services.mdx example 6 prints what it did 1`] = `
[
  "second ["AWSCURRENT"]",
]
`;

exports[`runnable docs examples > services.mdx example 7 prints what it did 1`] = `
[
  "["/app/api-key = abc","/app/region = us-east-1"]",
]
`;

exports[`runnable docs examples > services.mdx example 8 prints what it did 1`] = `
[
  "hello",
]
`;

exports[`runnable docs examples > services.mdx example 9 prints what it did 1`] = `
[
  "["GET /cart 500"]",
]
`;

exports[`runnable docs examples > services.mdx example 10 prints what it did 1`] = `
[
  "["click"]",
]
`;

exports[`runnable docs examples > services.mdx example 11 prints what it did 1`] = `
[
  "SUCCEEDED {"item":"tea","price":4,"quantity":2,"total":8}",
]
`;
